<?xml version="1.0" encoding="UTF-8"?>
<testsuites name="jest tests" tests="4" failures="0" errors="0" time="16.2">
  <testsuite name="Categories" errors="0" failures="0" skipped="0" timestamp="2024-02-12T17:50:13" time="15.887" tests="4">
    <testcase classname="Categories Fetch Categories GET /categories" name="Categories Fetch Categories GET /categories" time="2.105">
    </testcase>
    <testcase classname="Categories Create Categories POST /categories" name="Categories Create Categories POST /categories" time="1.721">
    </testcase>
    <testcase classname="Categories Update Categories PUT /categories/id" name="Categories Update Categories PUT /categories/id" time="1.332">
    </testcase>
    <testcase classname="Categories Delete Categories DELETE /categories/id" name="Categories Delete Categories DELETE /categories/id" time="1.112">
    </testcase>
  </testsuite>
</testsuites>